C51 COMPILER V9.51   MAIN                                                                  09/04/2018 17:18:03 PAGE 1   


C51 COMPILER V9.51, COMPILATION OF MODULE MAIN
OBJECT MODULE PLACED IN main.OBJ
COMPILER INVOKED BY: F:\Keil\C51\BIN\C51.EXE main.c BROWSE DEBUG OBJECTEXTEND

line level    source

   1          #include "support.h"    // 杂项
   2          #include "store.h"
   3          #include "servo.h"
   4          #include "serial.h"
   5          
   6          #define FOCS 11059200L
   7          #define BAUD 9600
   8          #define TM   (65536 - FOCS/BAUD/4)
   9          
  10          sbit sLED = P3^3;
  11          sbit echo = P1^0;
  12          sbit trig = P1^1;
  13          
  14          uint16 distance;
  15          uint8 recv_buff;
  16          
  17          
  18          void setup() {
  19   1              // 舵机
  20   1              P4M1 = 0x00, P4M0 = 0xff;
  21   1              P4 = 0;
  22   1      
  23   1              // LED光效
  24   1              P0M1 = 0x00, P0M0 = 0xff;       // 8段可亮
  25   1              P2M1 = 0x00, P2M0 = 0x08;       // 8个数码管全可亮
  26   1              sLED = 1;
  27   1              P0 = 0;
  28   1              
  29   1              // 超声波——定时器0
  30   1              TMOD = 0x01;
  31   1              TH0 = 0;
  32   1              TL0 = 0;
  33   1              
  34   1              // 串口通信——定时器1
  35   1              SCON |= 0x50;
  36   1              TH1 = TM >> 8;
  37   1              TL1 = TM;
  38   1              AUXR = 0x40;
  39   1              TI = RI = 0;
  40   1              TR1 = 1;
  41   1              ES = 1;
  42   1              EA = 1;
  43   1              
  44   1              store_init();   // 存储设备的初始化
  45   1      }
  46          
  47          void getDistance() {
  48   1              TR1 = 0;
  49   1              trig = 1;
  50   1              Delay25us();
  51   1              trig = 0;
  52   1              TH0 = TL0 = 0;
  53   1              while (!echo);
  54   1              TR0 = 1;
  55   1              while (echo);
C51 COMPILER V9.51   MAIN                                                                  09/04/2018 17:18:03 PAGE 2   

  56   1              TR0 = 0;
  57   1              distance = (TH0 * 256 + TL0) * 0.172;
  58   1              if (distance > 4000) distance = 4000;
  59   1              TR1 = 1;
  60   1      }
  61          
  62          void loop() {
  63   1              while (1) {
  64   2                      getDistance();
  65   2                      Duang();
  66   2                      send_data(0x11, distance);
  67   2                      
  68   2                      // 记录距离，由于distance为16位，需要传输两次
  69   2                      write_addr(pointer++, distance >> 8);
  70   2                      write_addr(pointer++, distance & 0xff);
  71   2                      if (pointer >= 2*direction)
  72   2                              pointer = 0x00;
  73   2      
  74   2                      step(clockwise);
  75   2              }
  76   1      }
  77          
  78          void main() {
  79   1              setup();
  80   1              loop();
  81   1      }
  82          
  83          void Uart1() interrupt 4 using 1 {
  84   1              if (RI) {
  85   2                      recv_buff = SBUF;
  86   2                      RI = 0;
  87   2              }
  88   1              if (TI) {
  89   2                      busy = 0;
  90   2                      TI = 0;
  91   2              }
  92   1      }


MODULE INFORMATION:   STATIC OVERLAYABLE
   CODE SIZE        =    726    ----
   CONSTANT SIZE    =     18    ----
   XDATA SIZE       =   ----    ----
   PDATA SIZE       =   ----    ----
   DATA SIZE        =      6       8
   IDATA SIZE       =   ----    ----
   BIT SIZE         =      1       1
END OF MODULE INFORMATION.


C51 COMPILATION COMPLETE.  0 WARNING(S),  0 ERROR(S)
