C51 COMPILER V9.51   MAIN                                                                  09/05/2018 14:27:08 PAGE 1   


C51 COMPILER V9.51, COMPILATION OF MODULE MAIN
OBJECT MODULE PLACED IN main.OBJ
COMPILER INVOKED BY: F:\Keil\C51\BIN\C51.EXE main.c BROWSE DEBUG OBJECTEXTEND

line level    source

   1          #include "support.h"
   2          #include "store.h"
   3          #include "servo.h"
   4          #include "serial.h"
   5          
   6          
   7          #define FOCS 11059200L
   8          #define BAUD 9600
   9          #define TM   (65536 - FOCS/BAUD/4)
  10          
  11          
  12          sbit sLED = P3^3;
  13          sbit echo = P1^0;
  14          sbit trig = P1^1;
  15          
  16          
  17          uint16 distance;
  18          uint8 recv_buff;
  19          
  20          
  21          void setup() {
  22   1              // 步进电机
  23   1              P4M1 = 0x00, P4M0 = 0xff;
  24   1              P4 = 0;
  25   1      
  26   1              // LED光效
  27   1              P0M1 = 0x00, P0M0 = 0xff;       // 8段可亮
  28   1              P2M1 = 0x00, P2M0 = 0x08;
  29   1              sLED = 1;
  30   1              P0 = 0;
  31   1              
  32   1              // 超声波——定时器0
  33   1              TMOD = 0x01;
  34   1              TH0 = 0;
  35   1              TL0 = 0;
  36   1              
  37   1              // 串口通信——定时器1
  38   1              SCON |= 0x50;
  39   1              TH1 = TM >> 8;
  40   1              TL1 = TM;
  41   1              AUXR = 0x40;
  42   1              TI = RI = 0;
  43   1              TR1 = 1;
  44   1              ES = 1;
  45   1              EA = 1;
  46   1              
  47   1              store_init();   // 存储设备的初始化
  48   1      }
  49          
  50          // 测距函数
  51          void getDistance() {
  52   1              TR1 = 0;
  53   1              trig = 1;
  54   1              Delay25us();
  55   1              trig = 0;
C51 COMPILER V9.51   MAIN                                                                  09/05/2018 14:27:08 PAGE 2   

  56   1              TH0 = TL0 = 0;
  57   1              while (!echo);
  58   1              TR0 = 1;
  59   1              while (echo);
  60   1              TR0 = 0;
  61   1              distance = (TH0 * 256 + TL0) * 0.172;
  62   1              if (distance > 4000) distance = 4000;
  63   1              TR1 = 1;
  64   1      }
  65          
  66          // 由于步进电机无法自动调整角度，
  67          // 需要手动调整初始角度
  68          
  69          sbit KEY1 = P3^2;
  70          sbit KEY2 = P3^3;
  71          sbit KEY3 = P1^7;
  72          
  73          /*
  74          uint16 cnt1, cnt2, cnt3, cnt;
  75          #define UPDOUND   10
  76          #define THRESHOLD 7
  77          */
  78          void adjust() {
  79   1              while (1) {
  80   2                      /*++cnt;
  81   2                      if (!KEY1) ++cnt1;
  82   2                      if (!KEY2) ++cnt2;
  83   2                      if (!KEY3) ++cnt3;
  84   2                      if (cnt >= UPDOUND) {
  85   2                              cnt = cnt1 = cnt2 = cnt3 = 0;
  86   2                      }
  87   2                      
  88   2                      if (cnt1 >= THRESHOLD) {        // 调整结束
  89   2                              Duang();
  90   2                              break;
  91   2                      }
  92   2                      else if (cnt2 >= THRESHOLD) {   // 逆时针旋转
  93   2                              step(clockwise);
  94   2                      }
  95   2                      else if (cnt3 >= THRESHOLD) {   // 顺时针旋转
  96   2                              step(anticlockwise);
  97   2                      }*/
  98   2                      if (!KEY1) {    // 调整结束
  99   3                              Duang();
 100   3                              break;
 101   3                      }
 102   2                      else if (!KEY2) {       // 逆时针旋转
 103   3                              step(clockwise);
 104   3                      }
 105   2                      else if (!KEY3) {       // 顺时针旋转
 106   3                              step(anticlockwise);
 107   3                      }
 108   2              }
 109   1      }
 110          
 111          // 主功能循环
 112          void loop() {
 113   1              uint8 i;
 114   1              while (1) {
 115   2                      // 验证上位机状态
 116   2                      while (SBUF != ALIVE);
 117   2                      
C51 COMPILER V9.51   MAIN                                                                  09/05/2018 14:27:08 PAGE 3   

 118   2                      for (i = 0; i < direction; ++i) {
 119   3                              getDistance();
 120   3                              Duang();
 121   3                              send_data(distance);
 122   3                              
 123   3                              write_addr(i<<1, distance >> 8);
 124   3                              write_addr((i<<1)+1, distance & 0xff);
 125   3      
 126   3                              step(anticlockwise);
 127   3                      }
 128   2                      for (i = direction-1; i >= 0; --i) {
 129   3                              getDistance();
 130   3                              Duang();
 131   3                              send_data(distance);
 132   3                              
 133   3                              write_addr(i<<1, distance >> 8);
 134   3                              write_addr((i<<1)+1, distance & 0xff);
 135   3      
 136   3                              step(clockwise);
 137   3                      }
 138   2              }
 139   1      }
 140          
 141          void main() {
 142   1              setup();
 143   1              adjust();
 144   1              loop();
 145   1      }
 146          
 147          void Uart1() interrupt 4 using 1 {
 148   1              if (RI) {
 149   2                      recv_buff = SBUF;
 150   2                      RI = 0;
 151   2              }
 152   1              if (TI) {
 153   2                      busy = 0;
 154   2                      TI = 0;
 155   2              }
 156   1      }


MODULE INFORMATION:   STATIC OVERLAYABLE
   CODE SIZE        =    801    ----
   CONSTANT SIZE    =     18    ----
   XDATA SIZE       =   ----    ----
   PDATA SIZE       =   ----    ----
   DATA SIZE        =      6       9
   IDATA SIZE       =   ----    ----
   BIT SIZE         =      1       1
END OF MODULE INFORMATION.


C51 COMPILATION COMPLETE.  0 WARNING(S),  0 ERROR(S)
